10.12.5.0/24
10.12.5.128/25
10.12.5.192/26
10.12.5.224/27
10.12.5.240/28
10.12.5.248/29
10.12.5.252/30
10.12.5.254/31
10.12.5.255/32
