10.12.5.255/24
10.12.5.255/25
10.12.5.255/26
10.12.5.255/27
10.12.5.255/28
10.12.5.255/29
10.12.5.255/30
10.12.5.255/31
10.12.5.255/32
