10.12.23.43/16 is in a different network than 10.14.25.99/16
