========
Address:   10.13.5.0            00001010.00001101.00000101.00000000
Netmask:   255.255.255.192 = 26 11111111.11111111.11111111.11000000
Wildcard:  0.0.0.63             00000000.00000000.00000000.00111111
=>
Network:   10.13.5.0/26         00001010.00001101.00000101.00000000
HostMin:   10.13.5.1            00001010.00001101.00000101.00000001
HostMax:   10.13.5.62           00001010.00001101.00000101.00111110
Broadcast: 10.13.5.63           00001010.00001101.00000101.00111111
Hosts/Net: 62                   class A, Private Internet
========
Address:   10.13.5.64           00001010.00001101.00000101.01000000
Netmask:   255.255.255.192 = 26 11111111.11111111.11111111.11000000
Wildcard:  0.0.0.63             00000000.00000000.00000000.00111111
=>
Network:   10.13.5.64/26        00001010.00001101.00000101.01000000
HostMin:   10.13.5.65           00001010.00001101.00000101.01000001
HostMax:   10.13.5.126          00001010.00001101.00000101.01111110
Broadcast: 10.13.5.127          00001010.00001101.00000101.01111111
Hosts/Net: 62                   class A, Private Internet
========
Address:   10.13.5.128          00001010.00001101.00000101.10000000
Netmask:   255.255.255.192 = 26 11111111.11111111.11111111.11000000
Wildcard:  0.0.0.63             00000000.00000000.00000000.00111111
=>
Network:   10.13.5.128/26       00001010.00001101.00000101.10000000
HostMin:   10.13.5.129          00001010.00001101.00000101.10000001
HostMax:   10.13.5.190          00001010.00001101.00000101.10111110
Broadcast: 10.13.5.191          00001010.00001101.00000101.10111111
Hosts/Net: 62                   class A, Private Internet
========
Address:   10.13.5.192          00001010.00001101.00000101.11000000
Netmask:   255.255.255.192 = 26 11111111.11111111.11111111.11000000
Wildcard:  0.0.0.63             00000000.00000000.00000000.00111111
=>
Network:   10.13.5.192/26       00001010.00001101.00000101.11000000
HostMin:   10.13.5.193          00001010.00001101.00000101.11000001
HostMax:   10.13.5.254          00001010.00001101.00000101.11111110
Broadcast: 10.13.5.255          00001010.00001101.00000101.11111111
Hosts/Net: 62                   class A, Private Internet
