Address:   10.13.5.78           00001010.00001101.00000101.01001110
Netmask:   255.255.255.192 = 26 11111111.11111111.11111111.11000000
Wildcard:  0.0.0.63             00000000.00000000.00000000.00111111
=>
Network:   10.13.5.64/26        00001010.00001101.00000101.01000000
HostMin:   10.13.5.65           00001010.00001101.00000101.01000001
HostMax:   10.13.5.126          00001010.00001101.00000101.01111110
Broadcast: 10.13.5.127          00001010.00001101.00000101.01111111
Hosts/Net: 62                   class A, Private Internet
